<html>
<body>
<pre>
<h1>µVision Build Log</h1>
<h2>Tool Versions:</h2>
IDE-Version: ¦ÌVision V5.21.1.0
Copyright (C) 2016 ARM Ltd and ARM Germany GmbH. All rights reserved.
License Information: light light, light, LIC=NQQMA-19DW8-MME9I-TD40E-XRR7P-YHXZF
 
Tool Versions:
Toolchain:       MDK-ARM Plus  Version: 5.21a
Toolchain Path:  F:\APP\Keil5\ARM\ARMCC\Bin
C Compiler:      Armcc.exe V5.06 update 3 (build 300)
Assembler:       Armasm.exe V5.06 update 3 (build 300)
Linker/Locator:  ArmLink.exe V5.06 update 3 (build 300)
Library Manager: ArmAr.exe V5.06 update 3 (build 300)
Hex Converter:   FromElf.exe V5.06 update 3 (build 300)
CPU DLL:         SARMCM3.DLL V5.21a
Dialog DLL:      DARMSTM.DLL V1.66.0.1
    Target DLL: coocox-agdi.dll
Dialog DLL:      TARMSTM.DLL V1.65.0.0
 
<h2>Project:</h2>
D:\À¶ÇÅ±­\Íù½ì±ÈÈü´úÂë\Province Contest\9µÚ¾Å½ì\CT117E-LCD\Project\CT117E-LCD.uvproj
Project File Date:  03/20/2019

<h2>Output:</h2>
*** Using Compiler 'V5.06 update 3 (build 300)', folder: 'F:\APP\Keil5\ARM\ARMCC\Bin'
Build target 'Target 1'
assembling startup_stm32f10x_md.s...
compiling core_cm3.c...
compiling stm32f10x_gpio.c...
compiling led.c...
compiling misc.c...
compiling main.c...
compiling lcd.c...
compiling stm32f10x_iwdg.c...
compiling tim.c...
compiling system_stm32f10x.c...
compiling key.c...
compiling stm32f10x_it.c...
compiling at24c02.c...
compiling stm32f10x_rcc.c...
compiling stm32f10x_tim.c...
linking...
Program Size: Code=13040 RO-data=4828 RW-data=80 ZI-data=1064  
FromELF: creating hex file...
"..\Output\CT117E-LCD.axf" - 0 Error(s), 0 Warning(s).
Build Time Elapsed:  00:00:02
</pre>
</body>
</html>
